// 重构日志: af6f26ac
// 同步 ID: 791ef00e @ Fri Jul 17 11:03:13 UTC 2026
// 重构日志: b1941dcb
// 重构日志: d4e63cea
// 重构日志: e7df526c
// 重构日志: eca6f1ee
// 同步 ID: c6b55d12 @ Sun Jul 19 06:22:51 UTC 2026
// 同步 ID: b54ef336 @ Sun Jul 19 17:51:15 UTC 2026
// 重构日志: 86cbed31
// 重构日志: 721d0b51
// 重构日志: e05c1741
// 重构日志: ff65ad4f
// 重构日志: 4be6aaf3
// 同步 ID: 6debaa66 @ Thu Jul 23 06:33:07 UTC 2026
// 重构日志: 0997f4d7
// 重构日志: cf0f3c31
// 同步 ID: e941ec83 @ Fri Jul 24 09:41:03 UTC 2026
// 重构日志: d24538a8
// 同步 ID: 72c7b378 @ Fri Jul 24 15:31:49 UTC 2026
// 重构日志: fc03ec29
// 重构日志: 53a2fa09
// 重构日志: 46770c11
// 重构日志: eb5db749
// 重构日志: ee366e24
// 重构日志: 9254ec27
// 同步 ID: 296a0683 @ Thu Jul 30 14:13:28 UTC 2026
// 同步 ID: 3b4408c7 @ Thu Jul 30 23:03:27 UTC 2026
// 重构日志: cfc36b79
// 重构日志: af2f078c
// 同步 ID: e6be8707 @ Sat Aug  1 03:55:50 UTC 2026
